// Jest Snapshot v1, https://goo.gl/fbAQLP

exports[`renders correctly 1`] = `
<div>
  <input
    onChange={[Function]}
    onKeyDown={[Function]}
    placeholder="Type here..."
    type="text"
    value=""
  />
  <button
    aria-label="Add"
    disabled={true}
    onClick={[Function]}
    type="submit"
  />
</div>
`;
